SQL> select last_name from employees where salary>ALL (select salary from employees where job_id='IT_PROG');

LAST_NAME                                                                       
-------------------------                                                       
Sully                                                                           
Greene                                                                          
Bernstein                                                                       
Fox                                                                             
Baer                                                                            
Bloom                                                                           
King                                                                            
Tucker                                                                          
Vishney                                                                         
Zlotkey                                                                         
Cambrault                                                                       

LAST_NAME                                                                       
-------------------------                                                       
Raphaely                                                                        
Abel                                                                            
Ozer                                                                            
Errazuriz                                                                       
Higgins                                                                         
Greenberg                                                                       
Hartstein                                                                       
Partners                                                                        
Russell                                                                         
De Haan                                                                         
Kochhar                                                                         

LAST_NAME                                                                       
-------------------------                                                       
King                                                                            

23 rows selected.

SQL> select last_name from employees where salary>Any (select salary from employees where job_id='IT_PROG');

LAST_NAME                                                                       
-------------------------                                                       
King                                                                            
Kochhar                                                                         
De Haan                                                                         
Russell                                                                         
Partners                                                                        
Hartstein                                                                       
Greenberg                                                                       
Higgins                                                                         
Errazuriz                                                                       
Ozer                                                                            
Raphaely                                                                        

LAST_NAME                                                                       
-------------------------                                                       
Cambrault                                                                       
Abel                                                                            
Zlotkey                                                                         
Vishney                                                                         
King                                                                            
Tucker                                                                          
Baer                                                                            
Bloom                                                                           
Fox                                                                             
Greene                                                                          
Bernstein                                                                       

LAST_NAME                                                                       
-------------------------                                                       
Sully                                                                           
Hall                                                                            
Hunold                                                                          
McEwen                                                                          
Faviet                                                                          
Hutton                                                                          
Taylor                                                                          
Livingston                                                                      
Gietz                                                                           
Fripp                                                                           
Chen                                                                            

LAST_NAME                                                                       
-------------------------                                                       
Weiss                                                                           
Smith                                                                           
Olsen                                                                           
Kaufling                                                                        
Urman                                                                           
Sciarra                                                                         
Doran                                                                           
Cambrault                                                                       
Smith                                                                           
Bates                                                                           
Marvins                                                                         

LAST_NAME                                                                       
-------------------------                                                       
Tuvault                                                                         
Grant                                                                           
Sewall                                                                          
Popp                                                                            
Lee                                                                             
Mavris                                                                          
Vollman                                                                         
Ande                                                                            
Johnson                                                                         
Banda                                                                           
Kumar                                                                           

LAST_NAME                                                                       
-------------------------                                                       
Fay                                                                             
Ernst                                                                           
Mourgos                                                                         
Pataballa                                                                       
Austin                                                                          
Whalen                                                                          

61 rows selected.

SQL> select last_name from employees where salary=Any (select salary from employees where job_id='IT_PROG');

LAST_NAME                                                                       
-------------------------                                                       
McEwen                                                                          
Hall                                                                            
Faviet                                                                          
Hunold                                                                          
Fay                                                                             
Ernst                                                                           
Pataballa                                                                       
Austin                                                                          
Sarchand                                                                        
Lorentz                                                                         

10 rows selected.

SQL> select employee_id,last_name,manager_id from employees;

EMPLOYEE_ID LAST_NAME                 MANAGER_ID                                
----------- ------------------------- ----------                                
        100 King                                                                
        101 Kochhar                          100                                
        102 De Haan                          100                                
        103 Hunold                           102                                
        104 Ernst                            103                                
        105 Austin                           103                                
        106 Pataballa                        103                                
        107 Lorentz                          103                                
        108 Greenberg                        101                                
        109 Faviet                           108                                
        110 Chen                             108                                

EMPLOYEE_ID LAST_NAME                 MANAGER_ID                                
----------- ------------------------- ----------                                
        111 Sciarra                          108                                
        112 Urman                            108                                
        113 Popp                             108                                
        114 Raphaely                         100                                
        115 Khoo                             114                                
        116 Baida                            114                                
        117 Tobias                           114                                
        118 Himuro                           114                                
        119 Colmenares                       114                                
        120 Weiss                            100                                
        121 Fripp                            100                                

EMPLOYEE_ID LAST_NAME                 MANAGER_ID                                
----------- ------------------------- ----------                                
        122 Kaufling                         100                                
        123 Vollman                          100                                
        124 Mourgos                          100                                
        125 Nayer                            120                                
        126 Mikkilineni                      120                                
        127 Landry                           120                                
        128 Markle                           120                                
        129 Bissot                           121                                
        130 Atkinson                         121                                
        131 Marlow                           121                                
        132 Olson                            121                                

EMPLOYEE_ID LAST_NAME                 MANAGER_ID                                
----------- ------------------------- ----------                                
        133 Mallin                           122                                
        134 Rogers                           122                                
        135 Gee                              122                                
        136 Philtanker                       122                                
        137 Ladwig                           123                                
        138 Stiles                           123                                
        139 Seo                              123                                
        140 Patel                            123                                
        141 Rajs                             124                                
        142 Davies                           124                                
        143 Matos                            124                                

EMPLOYEE_ID LAST_NAME                 MANAGER_ID                                
----------- ------------------------- ----------                                
        144 Vargas                           124                                
        145 Russell                          100                                
        146 Partners                         100                                
        147 Errazuriz                        100                                
        148 Cambrault                        100                                
        149 Zlotkey                          100                                
        150 Tucker                           145                                
        151 Bernstein                        145                                
        152 Hall                             145                                
        153 Olsen                            145                                
        154 Cambrault                        145                                

EMPLOYEE_ID LAST_NAME                 MANAGER_ID                                
----------- ------------------------- ----------                                
        155 Tuvault                          145                                
        156 King                             146                                
        157 Sully                            146                                
        158 McEwen                           146                                
        159 Smith                            146                                
        160 Doran                            146                                
        161 Sewall                           146                                
        162 Vishney                          147                                
        163 Greene                           147                                
        164 Marvins                          147                                
        165 Lee                              147                                

EMPLOYEE_ID LAST_NAME                 MANAGER_ID                                
----------- ------------------------- ----------                                
        166 Ande                             147                                
        167 Banda                            147                                
        168 Ozer                             148                                
        169 Bloom                            148                                
        170 Fox                              148                                
        171 Smith                            148                                
        172 Bates                            148                                
        173 Kumar                            148                                
        174 Abel                             149                                
        175 Hutton                           149                                
        176 Taylor                           149                                

EMPLOYEE_ID LAST_NAME                 MANAGER_ID                                
----------- ------------------------- ----------                                
        177 Livingston                       149                                
        178 Grant                            149                                
        179 Johnson                          149                                
        180 Taylor                           120                                
        181 Fleaur                           120                                
        182 Sullivan                         120                                
        183 Geoni                            120                                
        184 Sarchand                         121                                
        185 Bull                             121                                
        186 Dellinger                        121                                
        187 Cabrio                           121                                

EMPLOYEE_ID LAST_NAME                 MANAGER_ID                                
----------- ------------------------- ----------                                
        188 Chung                            122                                
        189 Dilly                            122                                
        190 Gates                            122                                
        191 Perkins                          122                                
        192 Bell                             123                                
        193 Everett                          123                                
        194 McCain                           123                                
        195 Jones                            123                                
        196 Walsh                            124                                
        197 Feeney                           124                                
        198 OConnell                         124                                

EMPLOYEE_ID LAST_NAME                 MANAGER_ID                                
----------- ------------------------- ----------                                
        199 Grant                            124                                
        200 Whalen                           101                                
        201 Hartstein                        100                                
        202 Fay                              201                                
        203 Mavris                           101                                
        204 Baer                             101                                
        205 Higgins                          101                                
        206 Gietz                            205                                

107 rows selected.

SQL> select last_name from employees where  employee_id in(select manager_id from employees);

LAST_NAME                                                                       
-------------------------                                                       
Cambrault                                                                       
De Haan                                                                         
Errazuriz                                                                       
Fripp                                                                           
Greenberg                                                                       
Hartstein                                                                       
Higgins                                                                         
Hunold                                                                          
Kaufling                                                                        
King                                                                            
Kochhar                                                                         

LAST_NAME                                                                       
-------------------------                                                       
Mourgos                                                                         
Partners                                                                        
Raphaely                                                                        
Russell                                                                         
Vollman                                                                         
Weiss                                                                           
Zlotkey                                                                         

18 rows selected.

SQL> select count(*) from employees !=any(select last_name from employees where  employee_id in(select manager_id from employees));
select count(*) from employees !=any(select last_name from employees where  employee_id in(select manager_id from employees))
                               *
ERROR at line 1:
ORA-00933: SQL command not properly ended 


SQL> select count(*) from employees not in(select last_name from employees where  employee_id in(select manager_id from employees));
select count(*) from employees not in(select last_name from employees where  employee_id in(select manager_id from employees))
                               *
ERROR at line 1:
ORA-00933: SQL command not properly ended 


SQL> select count(*) from employees NOT IN(select last_name from employees where  employee_id in(select manager_id from employees));
select count(*) from employees NOT IN(select last_name from employees where  employee_id in(select manager_id from employees))
                               *
ERROR at line 1:
ORA-00933: SQL command not properly ended 


SQL> select count(*) from employees where last_name NOT IN(select last_name from employees where  employee_id in(select manager_id from employees));

  COUNT(*)                                                                      
----------                                                                      
        87                                                                      

SQL> select count(*) from employees;

  COUNT(*)                                                                      
----------                                                                      
       107                                                                      

SQL> select count(*) from employees where  employee_id not in(select manager_id from employees);

  COUNT(*)                                                                      
----------                                                                      
         0                                                                      

SQL> select count(*) from employees where employee_id NOT IN(select employee_id from employees where  employee_id in(select manager_id from employees));

  COUNT(*)                                                                      
----------                                                                      
        89                                                                      

SQL> select count(*) from employees where  employee_id not in(select distinct  manager_id from employees);

  COUNT(*)                                                                      
----------                                                                      
         0                                                                      

SQL> select count(*) from employees where  employee_id not in(select distinct  manager_id from employees where manager_id IS NOT NULL);

  COUNT(*)                                                                      
----------                                                                      
        89                                                                      

SQL> select count(*) ,last_name from employees where  employee_id not in(select distinct  manager_id from employees where manager_id IS NOT NULL);
select count(*) ,last_name from employees where  employee_id not in(select distinct  manager_id from employees where manager_id IS NOT NULL)
                 *
ERROR at line 1:
ORA-00937: not a single-group group function 


SQL> 
SQL> select count(*) , last_name from employees where  employee_id not in(select distinct  manager_id from employees where manager_id IS NOT NULL);
select count(*) , last_name from employees where  employee_id not in(select distinct  manager_id from employees where manager_id IS NOT NULL)
                  *
ERROR at line 1:
ORA-00937: not a single-group group function 


SQL> 
SQL> select last_name from employees where  employee_id not in(select distinct  manager_id from employees where manager_id IS NOT NULL);

LAST_NAME                                                                       
-------------------------                                                       
Abel                                                                            
Ande                                                                            
Atkinson                                                                        
Austin                                                                          
Baer                                                                            
Baida                                                                           
Banda                                                                           
Bates                                                                           
Bell                                                                            
Bernstein                                                                       
Bissot                                                                          

LAST_NAME                                                                       
-------------------------                                                       
Bloom                                                                           
Bull                                                                            
Cabrio                                                                          
Cambrault                                                                       
Chen                                                                            
Chung                                                                           
Colmenares                                                                      
Davies                                                                          
Dellinger                                                                       
Dilly                                                                           
Doran                                                                           

LAST_NAME                                                                       
-------------------------                                                       
Ernst                                                                           
Everett                                                                         
Faviet                                                                          
Fay                                                                             
Feeney                                                                          
Fleaur                                                                          
Fox                                                                             
Gates                                                                           
Gee                                                                             
Geoni                                                                           
Gietz                                                                           

LAST_NAME                                                                       
-------------------------                                                       
Grant                                                                           
Grant                                                                           
Greene                                                                          
Hall                                                                            
Himuro                                                                          
Hutton                                                                          
Johnson                                                                         
Jones                                                                           
Khoo                                                                            
King                                                                            
Kumar                                                                           

LAST_NAME                                                                       
-------------------------                                                       
Ladwig                                                                          
Landry                                                                          
Lee                                                                             
Livingston                                                                      
Lorentz                                                                         
Mallin                                                                          
Markle                                                                          
Marlow                                                                          
Marvins                                                                         
Matos                                                                           
Mavris                                                                          

LAST_NAME                                                                       
-------------------------                                                       
McCain                                                                          
McEwen                                                                          
Mikkilineni                                                                     
Nayer                                                                           
OConnell                                                                        
Olsen                                                                           
Olson                                                                           
Ozer                                                                            
Pataballa                                                                       
Patel                                                                           
Perkins                                                                         

LAST_NAME                                                                       
-------------------------                                                       
Philtanker                                                                      
Popp                                                                            
Rajs                                                                            
Rogers                                                                          
Sarchand                                                                        
Sciarra                                                                         
Seo                                                                             
Sewall                                                                          
Smith                                                                           
Smith                                                                           
Stiles                                                                          

LAST_NAME                                                                       
-------------------------                                                       
Sullivan                                                                        
Sully                                                                           
Taylor                                                                          
Taylor                                                                          
Tobias                                                                          
Tucker                                                                          
Tuvault                                                                         
Urman                                                                           
Vargas                                                                          
Vishney                                                                         
Walsh                                                                           

LAST_NAME                                                                       
-------------------------                                                       
Whalen                                                                          

89 rows selected.

SQL> select last_name from employees where  employee_id in(select distinct  employee_id from employees minus select employee_id from job_history);

LAST_NAME                                                                       
-------------------------                                                       
Abel                                                                            
Ande                                                                            
Atkinson                                                                        
Austin                                                                          
Baer                                                                            
Baida                                                                           
Banda                                                                           
Bates                                                                           
Bell                                                                            
Bernstein                                                                       
Bissot                                                                          

LAST_NAME                                                                       
-------------------------                                                       
Bloom                                                                           
Bull                                                                            
Cabrio                                                                          
Cambrault                                                                       
Cambrault                                                                       
Chen                                                                            
Chung                                                                           
Colmenares                                                                      
Davies                                                                          
Dellinger                                                                       
Dilly                                                                           

LAST_NAME                                                                       
-------------------------                                                       
Doran                                                                           
Ernst                                                                           
Errazuriz                                                                       
Everett                                                                         
Faviet                                                                          
Fay                                                                             
Feeney                                                                          
Fleaur                                                                          
Fox                                                                             
Fripp                                                                           
Gates                                                                           

LAST_NAME                                                                       
-------------------------                                                       
Gee                                                                             
Geoni                                                                           
Gietz                                                                           
Grant                                                                           
Grant                                                                           
Greenberg                                                                       
Greene                                                                          
Hall                                                                            
Higgins                                                                         
Himuro                                                                          
Hunold                                                                          

LAST_NAME                                                                       
-------------------------                                                       
Hutton                                                                          
Johnson                                                                         
Jones                                                                           
Khoo                                                                            
King                                                                            
King                                                                            
Kumar                                                                           
Ladwig                                                                          
Landry                                                                          
Lee                                                                             
Livingston                                                                      

LAST_NAME                                                                       
-------------------------                                                       
Lorentz                                                                         
Mallin                                                                          
Markle                                                                          
Marlow                                                                          
Marvins                                                                         
Matos                                                                           
Mavris                                                                          
McCain                                                                          
McEwen                                                                          
Mikkilineni                                                                     
Mourgos                                                                         

LAST_NAME                                                                       
-------------------------                                                       
Nayer                                                                           
OConnell                                                                        
Olsen                                                                           
Olson                                                                           
Ozer                                                                            
Partners                                                                        
Pataballa                                                                       
Patel                                                                           
Perkins                                                                         
Philtanker                                                                      
Popp                                                                            

LAST_NAME                                                                       
-------------------------                                                       
Rajs                                                                            
Rogers                                                                          
Russell                                                                         
Sarchand                                                                        
Sciarra                                                                         
Seo                                                                             
Sewall                                                                          
Smith                                                                           
Smith                                                                           
Stiles                                                                          
Sullivan                                                                        

LAST_NAME                                                                       
-------------------------                                                       
Sully                                                                           
Taylor                                                                          
Tobias                                                                          
Tucker                                                                          
Tuvault                                                                         
Urman                                                                           
Vargas                                                                          
Vishney                                                                         
Vollman                                                                         
Walsh                                                                           
Weiss                                                                           

LAST_NAME                                                                       
-------------------------                                                       
Zlotkey                                                                         

100 rows selected.

SQL> spool off
