SQL> select last_name, salary from employees where salary > 12000;

LAST_NAME                     SALARY                                            
------------------------- ----------                                            
King                           24000                                            
Kochhar                        17000                                            
De Haan                        17000                                            
Greenberg                      12008                                            
Russell                        14000                                            
Partners                       13500                                            
Hartstein                      13000                                            
Higgins                        12008                                            

8 rows selected.

SQL> save E:\Srish_Lab\Deloitte_Assignments\prac2_1.sql;
Created file E:\Srish_Lab\Deloitte_Assignments\prac2_1.sql
SQL> @ E:\Srish_Lab\Deloitte_Assignments\prac2_1.sql;

LAST_NAME                     SALARY                                            
------------------------- ----------                                            
King                           24000                                            
Kochhar                        17000                                            
De Haan                        17000                                            
Greenberg                      12008                                            
Russell                        14000                                            
Partners                       13500                                            
Hartstein                      13000                                            
Higgins                        12008                                            

8 rows selected.

SQL> select last_name,department_id from employees where employee_id=176;

LAST_NAME                 DEPARTMENT_ID                                         
------------------------- -------------                                         
Taylor                               80                                         

SQL> select last_name, salary from employees where salary not between 5000 and 12000;

LAST_NAME                     SALARY                                            
------------------------- ----------                                            
King                           24000                                            
Kochhar                        17000                                            
De Haan                        17000                                            
Austin                          4800                                            
Pataballa                       4800                                            
Lorentz                         4200                                            
Greenberg                      12008                                            
Khoo                            3100                                            
Baida                           2900                                            
Tobias                          2800                                            
Himuro                          2600                                            

LAST_NAME                     SALARY                                            
------------------------- ----------                                            
Colmenares                      2500                                            
Nayer                           3200                                            
Mikkilineni                     2700                                            
Landry                          2400                                            
Markle                          2200                                            
Bissot                          3300                                            
Atkinson                        2800                                            
Marlow                          2500                                            
Olson                           2100                                            
Mallin                          3300                                            
Rogers                          2900                                            

LAST_NAME                     SALARY                                            
------------------------- ----------                                            
Gee                             2400                                            
Philtanker                      2200                                            
Ladwig                          3600                                            
Stiles                          3200                                            
Seo                             2700                                            
Patel                           2500                                            
Rajs                            3500                                            
Davies                          3100                                            
Matos                           2600                                            
Vargas                          2500                                            
Russell                        14000                                            

LAST_NAME                     SALARY                                            
------------------------- ----------                                            
Partners                       13500                                            
Taylor                          3200                                            
Fleaur                          3100                                            
Sullivan                        2500                                            
Geoni                           2800                                            
Sarchand                        4200                                            
Bull                            4100                                            
Dellinger                       3400                                            
Cabrio                          3000                                            
Chung                           3800                                            
Dilly                           3600                                            

LAST_NAME                     SALARY                                            
------------------------- ----------                                            
Gates                           2900                                            
Perkins                         2500                                            
Bell                            4000                                            
Everett                         3900                                            
McCain                          3200                                            
Jones                           2800                                            
Walsh                           3100                                            
Feeney                          3000                                            
OConnell                        2600                                            
Grant                           2600                                            
Whalen                          4400                                            

LAST_NAME                     SALARY                                            
------------------------- ----------                                            
Hartstein                      13000                                            
Higgins                        12008                                            

57 rows selected.

SQL> save E:\Srish_Lab\Deloitte_Assignments\pract2_2.sql;
Created file E:\Srish_Lab\Deloitte_Assignments\pract2_2.sql
SQL> @ E:\Srish_Lab\Deloitte_Assignments\pract2_2.sql;

LAST_NAME                     SALARY                                            
------------------------- ----------                                            
King                           24000                                            
Kochhar                        17000                                            
De Haan                        17000                                            
Austin                          4800                                            
Pataballa                       4800                                            
Lorentz                         4200                                            
Greenberg                      12008                                            
Khoo                            3100                                            
Baida                           2900                                            
Tobias                          2800                                            
Himuro                          2600                                            

LAST_NAME                     SALARY                                            
------------------------- ----------                                            
Colmenares                      2500                                            
Nayer                           3200                                            
Mikkilineni                     2700                                            
Landry                          2400                                            
Markle                          2200                                            
Bissot                          3300                                            
Atkinson                        2800                                            
Marlow                          2500                                            
Olson                           2100                                            
Mallin                          3300                                            
Rogers                          2900                                            

LAST_NAME                     SALARY                                            
------------------------- ----------                                            
Gee                             2400                                            
Philtanker                      2200                                            
Ladwig                          3600                                            
Stiles                          3200                                            
Seo                             2700                                            
Patel                           2500                                            
Rajs                            3500                                            
Davies                          3100                                            
Matos                           2600                                            
Vargas                          2500                                            
Russell                        14000                                            

LAST_NAME                     SALARY                                            
------------------------- ----------                                            
Partners                       13500                                            
Taylor                          3200                                            
Fleaur                          3100                                            
Sullivan                        2500                                            
Geoni                           2800                                            
Sarchand                        4200                                            
Bull                            4100                                            
Dellinger                       3400                                            
Cabrio                          3000                                            
Chung                           3800                                            
Dilly                           3600                                            

LAST_NAME                     SALARY                                            
------------------------- ----------                                            
Gates                           2900                                            
Perkins                         2500                                            
Bell                            4000                                            
Everett                         3900                                            
McCain                          3200                                            
Jones                           2800                                            
Walsh                           3100                                            
Feeney                          3000                                            
OConnell                        2600                                            
Grant                           2600                                            
Whalen                          4400                                            

LAST_NAME                     SALARY                                            
------------------------- ----------                                            
Hartstein                      13000                                            
Higgins                        12008                                            

57 rows selected.

SQL> select last_name, job_id, hire_date as "tart
  2  ;
ERROR:
ORA-01740: missing double quote in identifier 


SQL> select last_name, job_id, hire_date as "Start Date" from employees
  2  where hire_date between to_date('20/02/2011', 'DD/MM/YYYY') and to_date('01/05/2012', 'DD/MM/YYYY')
  3  order by hire_date;

no rows selected

SQL> select last_name, department_id from employees
  2  where department_id in (20, 50)
  3  order by last_name;

LAST_NAME                 DEPARTMENT_ID                                         
------------------------- -------------                                         
Atkinson                             50                                         
Bell                                 50                                         
Bissot                               50                                         
Bull                                 50                                         
Cabrio                               50                                         
Chung                                50                                         
Davies                               50                                         
Dellinger                            50                                         
Dilly                                50                                         
Everett                              50                                         
Fay                                  20                                         

LAST_NAME                 DEPARTMENT_ID                                         
------------------------- -------------                                         
Feeney                               50                                         
Fleaur                               50                                         
Fripp                                50                                         
Gates                                50                                         
Gee                                  50                                         
Geoni                                50                                         
Grant                                50                                         
Hartstein                            20                                         
Jones                                50                                         
Kaufling                             50                                         
Ladwig                               50                                         

LAST_NAME                 DEPARTMENT_ID                                         
------------------------- -------------                                         
Landry                               50                                         
Mallin                               50                                         
Markle                               50                                         
Marlow                               50                                         
Matos                                50                                         
McCain                               50                                         
Mikkilineni                          50                                         
Mourgos                              50                                         
Nayer                                50                                         
OConnell                             50                                         
Olson                                50                                         

LAST_NAME                 DEPARTMENT_ID                                         
------------------------- -------------                                         
Patel                                50                                         
Perkins                              50                                         
Philtanker                           50                                         
Rajs                                 50                                         
Rogers                               50                                         
Sarchand                             50                                         
Seo                                  50                                         
Stiles                               50                                         
Sullivan                             50                                         
Taylor                               50                                         
Vargas                               50                                         

LAST_NAME                 DEPARTMENT_ID                                         
------------------------- -------------                                         
Vollman                              50                                         
Walsh                                50                                         
Weiss                                50                                         

47 rows selected.

SQL> select last_name,salary from employees
  2  where salary between 5000 and 12000 AND department_id in (20,;
where salary between 5000 and 12000 AND department_id in (20,
                                                            *
ERROR at line 2:
ORA-00936: missing expression 


SQL> select last_name as "Employee", salary as "MonthlySalary" from employees
  2  where salary between 5000 and 12000 AND department_id in (20, 50);

Employee                  MonthlySalary                                         
------------------------- -------------                                         
Weiss                              8000                                         
Fripp                              8200                                         
Kaufling                           7900                                         
Vollman                            6500                                         
Mourgos                            5800                                         
Fay                                6000                                         

6 rows selected.

SQL> save E:\Srish_Lab\Deloitte_Assignments\prac2_3.sql;
Created file E:\Srish_Lab\Deloitte_Assignments\prac2_3.sql
SQL> @ E:\Srish_Lab\Deloitte_Assignments\prac2_3.sql;

Employee                  MonthlySalary                                         
------------------------- -------------                                         
Weiss                              8000                                         
Fripp                              8200                                         
Kaufling                           7900                                         
Vollman                            6500                                         
Mourgos                            5800                                         
Fay                                6000                                         

6 rows selected.

SQL> select last_name, hire_date from employees
  2  where extract(YEAR from hire_date) = 2012;

no rows selected

SQL> select last_name, job_id from employees
  2  where manager_id IS NULL;

LAST_NAME                 JOB_ID                                                
------------------------- ----------                                            
King                      AD_PRES                                               

SQL> select last_name, salary, commissions from employees
  2  where commissions IS NOT NULL
  3  order by salary desc, commissions;
where commissions IS NOT NULL
      *
ERROR at line 2:
ORA-00904: "COMMISSIONS": invalid identifier 


SQL> select last_name, salary, commission from employees
  2  where commission IS NOT NULL
  3  order by salary desc, commission;
where commission IS NOT NULL
      *
ERROR at line 2:
ORA-00904: "COMMISSION": invalid identifier 


SQL> 
SQL> desc employees
 Name                                      Null?    Type
 ----------------------------------------- -------- ----------------------------
 EMPLOYEE_ID                               NOT NULL NUMBER(6)
 FIRST_NAME                                         VARCHAR2(20)
 LAST_NAME                                 NOT NULL VARCHAR2(25)
 EMAIL                                     NOT NULL VARCHAR2(25)
 PHONE_NUMBER                                       VARCHAR2(20)
 HIRE_DATE                                 NOT NULL DATE
 JOB_ID                                    NOT NULL VARCHAR2(10)
 SALARY                                             NUMBER(8,2)
 COMMISSION_PCT                                     NUMBER(2,2)
 MANAGER_ID                                         NUMBER(6)
 DEPARTMENT_ID                                      NUMBER(4)

SQL> select last_name, salary, commission_pct from employees
  2  where commission_pct IS NOT NULL
  3  order by salary desc, commission_pct;

LAST_NAME                     SALARY COMMISSION_PCT                             
------------------------- ---------- --------------                             
Russell                        14000             .4                             
Partners                       13500             .3                             
Errazuriz                      12000             .3                             
Ozer                           11500            .25                             
Cambrault                      11000             .3                             
Abel                           11000             .3                             
Zlotkey                        10500             .2                             
Vishney                        10500            .25                             
Bloom                          10000             .2                             
Tucker                         10000             .3                             
King                           10000            .35                             

LAST_NAME                     SALARY COMMISSION_PCT                             
------------------------- ---------- --------------                             
Fox                             9600             .2                             
Greene                          9500            .15                             
Bernstein                       9500            .25                             
Sully                           9500            .35                             
Hall                            9000            .25                             
McEwen                          9000            .35                             
Hutton                          8800            .25                             
Taylor                          8600             .2                             
Livingston                      8400             .2                             
Olsen                           8000             .2                             
Smith                           8000             .3                             

LAST_NAME                     SALARY COMMISSION_PCT                             
------------------------- ---------- --------------                             
Cambrault                       7500             .2                             
Doran                           7500             .3                             
Smith                           7400            .15                             
Bates                           7300            .15                             
Marvins                         7200             .1                             
Tuvault                         7000            .15                             
Grant                           7000            .15                             
Sewall                          7000            .25                             
Lee                             6800             .1                             
Ande                            6400             .1                             
Banda                           6200             .1                             

LAST_NAME                     SALARY COMMISSION_PCT                             
------------------------- ---------- --------------                             
Johnson                         6200             .1                             
Kumar                           6100             .1                             

35 rows selected.

SQL> select last_name from employees
  2  where last_name like '__a%';

LAST_NAME                                                                       
-------------------------                                                       
Grant                                                                           
Grant                                                                           
Whalen                                                                          

SQL> select last_name, job_id, salary from employees where job_id = 'SALES' or job_id = 'STOCK_CLERK' AND salary not in (2500, 3500, 7000);

no rows selected

SQL> select last_name, salary, commission_pct from employees
  2  where commission_pct = 0.2;

LAST_NAME                     SALARY COMMISSION_PCT                             
------------------------- ---------- --------------                             
Zlotkey                        10500             .2                             
Olsen                           8000             .2                             
Cambrault                       7500             .2                             
Bloom                          10000             .2                             
Fox                             9600             .2                             
Taylor                          8600             .2                             
Livingston                      8400             .2                             

7 rows selected.

SQL> save E:\Srish_Lab\Deloitte_Assignments\lab2_4.sql;
Created file E:\Srish_Lab\Deloitte_Assignments\lab2_4.sql
SQL> @ E:\Srish_Lab\Deloitte_Assignments\lab2_4.sql;

LAST_NAME                     SALARY COMMISSION_PCT                             
------------------------- ---------- --------------                             
Zlotkey                        10500             .2                             
Olsen                           8000             .2                             
Cambrault                       7500             .2                             
Bloom                          10000             .2                             
Fox                             9600             .2                             
Taylor                          8600             .2                             
Livingston                      8400             .2                             

7 rows selected.

SQL> spool off
