SQL> desc employees;
 Name                                      Null?    Type
 ----------------------------------------- -------- ----------------------------
 EMPLOYEE_ID                               NOT NULL NUMBER(6)
 FIRST_NAME                                         VARCHAR2(20)
 LAST_NAME                                 NOT NULL VARCHAR2(25)
 EMAIL                                     NOT NULL VARCHAR2(25)
 PHONE_NUMBER                                       VARCHAR2(20)
 HIRE_DATE                                 NOT NULL DATE
 JOB_ID                                    NOT NULL VARCHAR2(10)
 SALARY                                             NUMBER(8,2)
 COMMISSION_PCT                                     NUMBER(2,2)
 MANAGER_ID                                         NUMBER(6)
 DEPARTMENT_ID                                      NUMBER(4)

SQL> select employee_id, last_name, job_id, hire_date as startdate
  2  from employees;

EMPLOYEE_ID LAST_NAME                 JOB_ID     STARTDATE                      
----------- ------------------------- ---------- ---------                      
        100 King                      AD_PRES    17-JUN-03                      
        101 Kochhar                   AD_VP      21-SEP-05                      
        102 De Haan                   AD_VP      13-JAN-01                      
        103 Hunold                    IT_PROG    03-JAN-06                      
        104 Ernst                     IT_PROG    21-MAY-07                      
        105 Austin                    IT_PROG    25-JUN-05                      
        106 Pataballa                 IT_PROG    05-FEB-06                      
        107 Lorentz                   IT_PROG    07-FEB-07                      
        108 Greenberg                 FI_MGR     17-AUG-02                      
        109 Faviet                    FI_ACCOUNT 16-AUG-02                      
        110 Chen                      FI_ACCOUNT 28-SEP-05                      

EMPLOYEE_ID LAST_NAME                 JOB_ID     STARTDATE                      
----------- ------------------------- ---------- ---------                      
        111 Sciarra                   FI_ACCOUNT 30-SEP-05                      
        112 Urman                     FI_ACCOUNT 07-MAR-06                      
        113 Popp                      FI_ACCOUNT 07-DEC-07                      
        114 Raphaely                  PU_MAN     07-DEC-02                      
        115 Khoo                      PU_CLERK   18-MAY-03                      
        116 Baida                     PU_CLERK   24-DEC-05                      
        117 Tobias                    PU_CLERK   24-JUL-05                      
        118 Himuro                    PU_CLERK   15-NOV-06                      
        119 Colmenares                PU_CLERK   10-AUG-07                      
        120 Weiss                     ST_MAN     18-JUL-04                      
        121 Fripp                     ST_MAN     10-APR-05                      

EMPLOYEE_ID LAST_NAME                 JOB_ID     STARTDATE                      
----------- ------------------------- ---------- ---------                      
        122 Kaufling                  ST_MAN     01-MAY-03                      
        123 Vollman                   ST_MAN     10-OCT-05                      
        124 Mourgos                   ST_MAN     16-NOV-07                      
        125 Nayer                     ST_CLERK   16-JUL-05                      
        126 Mikkilineni               ST_CLERK   28-SEP-06                      
        127 Landry                    ST_CLERK   14-JAN-07                      
        128 Markle                    ST_CLERK   08-MAR-08                      
        129 Bissot                    ST_CLERK   20-AUG-05                      
        130 Atkinson                  ST_CLERK   30-OCT-05                      
        131 Marlow                    ST_CLERK   16-FEB-05                      
        132 Olson                     ST_CLERK   10-APR-07                      

EMPLOYEE_ID LAST_NAME                 JOB_ID     STARTDATE                      
----------- ------------------------- ---------- ---------                      
        133 Mallin                    ST_CLERK   14-JUN-04                      
        134 Rogers                    ST_CLERK   26-AUG-06                      
        135 Gee                       ST_CLERK   12-DEC-07                      
        136 Philtanker                ST_CLERK   06-FEB-08                      
        137 Ladwig                    ST_CLERK   14-JUL-03                      
        138 Stiles                    ST_CLERK   26-OCT-05                      
        139 Seo                       ST_CLERK   12-FEB-06                      
        140 Patel                     ST_CLERK   06-APR-06                      
        141 Rajs                      ST_CLERK   17-OCT-03                      
        142 Davies                    ST_CLERK   29-JAN-05                      
        143 Matos                     ST_CLERK   15-MAR-06                      

EMPLOYEE_ID LAST_NAME                 JOB_ID     STARTDATE                      
----------- ------------------------- ---------- ---------                      
        144 Vargas                    ST_CLERK   09-JUL-06                      
        145 Russell                   SA_MAN     01-OCT-04                      
        146 Partners                  SA_MAN     05-JAN-05                      
        147 Errazuriz                 SA_MAN     10-MAR-05                      
        148 Cambrault                 SA_MAN     15-OCT-07                      
        149 Zlotkey                   SA_MAN     29-JAN-08                      
        150 Tucker                    SA_REP     30-JAN-05                      
        151 Bernstein                 SA_REP     24-MAR-05                      
        152 Hall                      SA_REP     20-AUG-05                      
        153 Olsen                     SA_REP     30-MAR-06                      
        154 Cambrault                 SA_REP     09-DEC-06                      

EMPLOYEE_ID LAST_NAME                 JOB_ID     STARTDATE                      
----------- ------------------------- ---------- ---------                      
        155 Tuvault                   SA_REP     23-NOV-07                      
        156 King                      SA_REP     30-JAN-04                      
        157 Sully                     SA_REP     04-MAR-04                      
        158 McEwen                    SA_REP     01-AUG-04                      
        159 Smith                     SA_REP     10-MAR-05                      
        160 Doran                     SA_REP     15-DEC-05                      
        161 Sewall                    SA_REP     03-NOV-06                      
        162 Vishney                   SA_REP     11-NOV-05                      
        163 Greene                    SA_REP     19-MAR-07                      
        164 Marvins                   SA_REP     24-JAN-08                      
        165 Lee                       SA_REP     23-FEB-08                      

EMPLOYEE_ID LAST_NAME                 JOB_ID     STARTDATE                      
----------- ------------------------- ---------- ---------                      
        166 Ande                      SA_REP     24-MAR-08                      
        167 Banda                     SA_REP     21-APR-08                      
        168 Ozer                      SA_REP     11-MAR-05                      
        169 Bloom                     SA_REP     23-MAR-06                      
        170 Fox                       SA_REP     24-JAN-06                      
        171 Smith                     SA_REP     23-FEB-07                      
        172 Bates                     SA_REP     24-MAR-07                      
        173 Kumar                     SA_REP     21-APR-08                      
        174 Abel                      SA_REP     11-MAY-04                      
        175 Hutton                    SA_REP     19-MAR-05                      
        176 Taylor                    SA_REP     24-MAR-06                      

EMPLOYEE_ID LAST_NAME                 JOB_ID     STARTDATE                      
----------- ------------------------- ---------- ---------                      
        177 Livingston                SA_REP     23-APR-06                      
        178 Grant                     SA_REP     24-MAY-07                      
        179 Johnson                   SA_REP     04-JAN-08                      
        180 Taylor                    SH_CLERK   24-JAN-06                      
        181 Fleaur                    SH_CLERK   23-FEB-06                      
        182 Sullivan                  SH_CLERK   21-JUN-07                      
        183 Geoni                     SH_CLERK   03-FEB-08                      
        184 Sarchand                  SH_CLERK   27-JAN-04                      
        185 Bull                      SH_CLERK   20-FEB-05                      
        186 Dellinger                 SH_CLERK   24-JUN-06                      
        187 Cabrio                    SH_CLERK   07-FEB-07                      

EMPLOYEE_ID LAST_NAME                 JOB_ID     STARTDATE                      
----------- ------------------------- ---------- ---------                      
        188 Chung                     SH_CLERK   14-JUN-05                      
        189 Dilly                     SH_CLERK   13-AUG-05                      
        190 Gates                     SH_CLERK   11-JUL-06                      
        191 Perkins                   SH_CLERK   19-DEC-07                      
        192 Bell                      SH_CLERK   04-FEB-04                      
        193 Everett                   SH_CLERK   03-MAR-05                      
        194 McCain                    SH_CLERK   01-JUL-06                      
        195 Jones                     SH_CLERK   17-MAR-07                      
        196 Walsh                     SH_CLERK   24-APR-06                      
        197 Feeney                    SH_CLERK   23-MAY-06                      
        198 OConnell                  SH_CLERK   21-JUN-07                      

EMPLOYEE_ID LAST_NAME                 JOB_ID     STARTDATE                      
----------- ------------------------- ---------- ---------                      
        199 Grant                     SH_CLERK   13-JAN-08                      
        200 Whalen                    AD_ASST    17-SEP-03                      
        201 Hartstein                 MK_MAN     17-FEB-04                      
        202 Fay                       MK_REP     17-AUG-05                      
        203 Mavris                    HR_REP     07-JUN-02                      
        204 Baer                      PR_REP     07-JUN-02                      
        205 Higgins                   AC_MGR     07-JUN-02                      
        206 Gietz                     AC_ACCOUNT 07-JUN-02                      

107 rows selected.

SQL> save E:\Srish_Lab\Deloitte_Assignments\pract1_1.sql;
Created file E:\Srish_Lab\Deloitte_Assignments\pract1_1.sql
SQL> @ pract1_1.sql;
SP2-0310: unable to open file "pract1_1.sql"
SQL> @ E:\Srish_Lab\Deloitte_Assignments\pract1_1.sql;

EMPLOYEE_ID LAST_NAME                 JOB_ID     STARTDATE                      
----------- ------------------------- ---------- ---------                      
        100 King                      AD_PRES    17-JUN-03                      
        101 Kochhar                   AD_VP      21-SEP-05                      
        102 De Haan                   AD_VP      13-JAN-01                      
        103 Hunold                    IT_PROG    03-JAN-06                      
        104 Ernst                     IT_PROG    21-MAY-07                      
        105 Austin                    IT_PROG    25-JUN-05                      
        106 Pataballa                 IT_PROG    05-FEB-06                      
        107 Lorentz                   IT_PROG    07-FEB-07                      
        108 Greenberg                 FI_MGR     17-AUG-02                      
        109 Faviet                    FI_ACCOUNT 16-AUG-02                      
        110 Chen                      FI_ACCOUNT 28-SEP-05                      

EMPLOYEE_ID LAST_NAME                 JOB_ID     STARTDATE                      
----------- ------------------------- ---------- ---------                      
        111 Sciarra                   FI_ACCOUNT 30-SEP-05                      
        112 Urman                     FI_ACCOUNT 07-MAR-06                      
        113 Popp                      FI_ACCOUNT 07-DEC-07                      
        114 Raphaely                  PU_MAN     07-DEC-02                      
        115 Khoo                      PU_CLERK   18-MAY-03                      
        116 Baida                     PU_CLERK   24-DEC-05                      
        117 Tobias                    PU_CLERK   24-JUL-05                      
        118 Himuro                    PU_CLERK   15-NOV-06                      
        119 Colmenares                PU_CLERK   10-AUG-07                      
        120 Weiss                     ST_MAN     18-JUL-04                      
        121 Fripp                     ST_MAN     10-APR-05                      

EMPLOYEE_ID LAST_NAME                 JOB_ID     STARTDATE                      
----------- ------------------------- ---------- ---------                      
        122 Kaufling                  ST_MAN     01-MAY-03                      
        123 Vollman                   ST_MAN     10-OCT-05                      
        124 Mourgos                   ST_MAN     16-NOV-07                      
        125 Nayer                     ST_CLERK   16-JUL-05                      
        126 Mikkilineni               ST_CLERK   28-SEP-06                      
        127 Landry                    ST_CLERK   14-JAN-07                      
        128 Markle                    ST_CLERK   08-MAR-08                      
        129 Bissot                    ST_CLERK   20-AUG-05                      
        130 Atkinson                  ST_CLERK   30-OCT-05                      
        131 Marlow                    ST_CLERK   16-FEB-05                      
        132 Olson                     ST_CLERK   10-APR-07                      

EMPLOYEE_ID LAST_NAME                 JOB_ID     STARTDATE                      
----------- ------------------------- ---------- ---------                      
        133 Mallin                    ST_CLERK   14-JUN-04                      
        134 Rogers                    ST_CLERK   26-AUG-06                      
        135 Gee                       ST_CLERK   12-DEC-07                      
        136 Philtanker                ST_CLERK   06-FEB-08                      
        137 Ladwig                    ST_CLERK   14-JUL-03                      
        138 Stiles                    ST_CLERK   26-OCT-05                      
        139 Seo                       ST_CLERK   12-FEB-06                      
        140 Patel                     ST_CLERK   06-APR-06                      
        141 Rajs                      ST_CLERK   17-OCT-03                      
        142 Davies                    ST_CLERK   29-JAN-05                      
        143 Matos                     ST_CLERK   15-MAR-06                      

EMPLOYEE_ID LAST_NAME                 JOB_ID     STARTDATE                      
----------- ------------------------- ---------- ---------                      
        144 Vargas                    ST_CLERK   09-JUL-06                      
        145 Russell                   SA_MAN     01-OCT-04                      
        146 Partners                  SA_MAN     05-JAN-05                      
        147 Errazuriz                 SA_MAN     10-MAR-05                      
        148 Cambrault                 SA_MAN     15-OCT-07                      
        149 Zlotkey                   SA_MAN     29-JAN-08                      
        150 Tucker                    SA_REP     30-JAN-05                      
        151 Bernstein                 SA_REP     24-MAR-05                      
        152 Hall                      SA_REP     20-AUG-05                      
        153 Olsen                     SA_REP     30-MAR-06                      
        154 Cambrault                 SA_REP     09-DEC-06                      

EMPLOYEE_ID LAST_NAME                 JOB_ID     STARTDATE                      
----------- ------------------------- ---------- ---------                      
        155 Tuvault                   SA_REP     23-NOV-07                      
        156 King                      SA_REP     30-JAN-04                      
        157 Sully                     SA_REP     04-MAR-04                      
        158 McEwen                    SA_REP     01-AUG-04                      
        159 Smith                     SA_REP     10-MAR-05                      
        160 Doran                     SA_REP     15-DEC-05                      
        161 Sewall                    SA_REP     03-NOV-06                      
        162 Vishney                   SA_REP     11-NOV-05                      
        163 Greene                    SA_REP     19-MAR-07                      
        164 Marvins                   SA_REP     24-JAN-08                      
        165 Lee                       SA_REP     23-FEB-08                      

EMPLOYEE_ID LAST_NAME                 JOB_ID     STARTDATE                      
----------- ------------------------- ---------- ---------                      
        166 Ande                      SA_REP     24-MAR-08                      
        167 Banda                     SA_REP     21-APR-08                      
        168 Ozer                      SA_REP     11-MAR-05                      
        169 Bloom                     SA_REP     23-MAR-06                      
        170 Fox                       SA_REP     24-JAN-06                      
        171 Smith                     SA_REP     23-FEB-07                      
        172 Bates                     SA_REP     24-MAR-07                      
        173 Kumar                     SA_REP     21-APR-08                      
        174 Abel                      SA_REP     11-MAY-04                      
        175 Hutton                    SA_REP     19-MAR-05                      
        176 Taylor                    SA_REP     24-MAR-06                      

EMPLOYEE_ID LAST_NAME                 JOB_ID     STARTDATE                      
----------- ------------------------- ---------- ---------                      
        177 Livingston                SA_REP     23-APR-06                      
        178 Grant                     SA_REP     24-MAY-07                      
        179 Johnson                   SA_REP     04-JAN-08                      
        180 Taylor                    SH_CLERK   24-JAN-06                      
        181 Fleaur                    SH_CLERK   23-FEB-06                      
        182 Sullivan                  SH_CLERK   21-JUN-07                      
        183 Geoni                     SH_CLERK   03-FEB-08                      
        184 Sarchand                  SH_CLERK   27-JAN-04                      
        185 Bull                      SH_CLERK   20-FEB-05                      
        186 Dellinger                 SH_CLERK   24-JUN-06                      
        187 Cabrio                    SH_CLERK   07-FEB-07                      

EMPLOYEE_ID LAST_NAME                 JOB_ID     STARTDATE                      
----------- ------------------------- ---------- ---------                      
        188 Chung                     SH_CLERK   14-JUN-05                      
        189 Dilly                     SH_CLERK   13-AUG-05                      
        190 Gates                     SH_CLERK   11-JUL-06                      
        191 Perkins                   SH_CLERK   19-DEC-07                      
        192 Bell                      SH_CLERK   04-FEB-04                      
        193 Everett                   SH_CLERK   03-MAR-05                      
        194 McCain                    SH_CLERK   01-JUL-06                      
        195 Jones                     SH_CLERK   17-MAR-07                      
        196 Walsh                     SH_CLERK   24-APR-06                      
        197 Feeney                    SH_CLERK   23-MAY-06                      
        198 OConnell                  SH_CLERK   21-JUN-07                      

EMPLOYEE_ID LAST_NAME                 JOB_ID     STARTDATE                      
----------- ------------------------- ---------- ---------                      
        199 Grant                     SH_CLERK   13-JAN-08                      
        200 Whalen                    AD_ASST    17-SEP-03                      
        201 Hartstein                 MK_MAN     17-FEB-04                      
        202 Fay                       MK_REP     17-AUG-05                      
        203 Mavris                    HR_REP     07-JUN-02                      
        204 Baer                      PR_REP     07-JUN-02                      
        205 Higgins                   AC_MGR     07-JUN-02                      
        206 Gietz                     AC_ACCOUNT 07-JUN-02                      

107 rows selected.

SQL> select distict job_id from employees;
select distict job_id from employees
       *
ERROR at line 1:
ORA-00904: "DISTICT": invalid identifier 


SQL> select distinct job_id from employees;

JOB_ID                                                                          
----------                                                                      
AC_ACCOUNT                                                                      
AC_MGR                                                                          
AD_ASST                                                                         
AD_PRES                                                                         
AD_VP                                                                           
FI_ACCOUNT                                                                      
FI_MGR                                                                          
HR_REP                                                                          
IT_PROG                                                                         
MK_MAN                                                                          
MK_REP                                                                          

JOB_ID                                                                          
----------                                                                      
PR_REP                                                                          
PU_CLERK                                                                        
PU_MAN                                                                          
SA_MAN                                                                          
SA_REP                                                                          
SH_CLERK                                                                        
ST_CLERK                                                                        
ST_MAN                                                                          

19 rows selected.

SQL> 
SQL> select employee_id, last_name, job_id, hire_date as startdate
  2  ;

*
ERROR at line 2:
ORA-00923: FROM keyword not found where expected 


SQL> select employee_id as 'Emp #', last_name'Employee', job_id 'Job', hire_date as 'Hire Date' from employees;
select employee_id as 'Emp #', last_name'Employee', job_id 'Job', hire_date as 'Hire Date' from employees
                      *
ERROR at line 1:
ORA-00923: FROM keyword not found where expected 


SQL> select employee_id as "Emp #", last_name as "Employee", job_id as "Job", hire_date as "Hire Date" from employees;

     Emp # Employee                  Job        Hire Date                       
---------- ------------------------- ---------- ---------                       
       100 King                      AD_PRES    17-JUN-03                       
       101 Kochhar                   AD_VP      21-SEP-05                       
       102 De Haan                   AD_VP      13-JAN-01                       
       103 Hunold                    IT_PROG    03-JAN-06                       
       104 Ernst                     IT_PROG    21-MAY-07                       
       105 Austin                    IT_PROG    25-JUN-05                       
       106 Pataballa                 IT_PROG    05-FEB-06                       
       107 Lorentz                   IT_PROG    07-FEB-07                       
       108 Greenberg                 FI_MGR     17-AUG-02                       
       109 Faviet                    FI_ACCOUNT 16-AUG-02                       
       110 Chen                      FI_ACCOUNT 28-SEP-05                       

     Emp # Employee                  Job        Hire Date                       
---------- ------------------------- ---------- ---------                       
       111 Sciarra                   FI_ACCOUNT 30-SEP-05                       
       112 Urman                     FI_ACCOUNT 07-MAR-06                       
       113 Popp                      FI_ACCOUNT 07-DEC-07                       
       114 Raphaely                  PU_MAN     07-DEC-02                       
       115 Khoo                      PU_CLERK   18-MAY-03                       
       116 Baida                     PU_CLERK   24-DEC-05                       
       117 Tobias                    PU_CLERK   24-JUL-05                       
       118 Himuro                    PU_CLERK   15-NOV-06                       
       119 Colmenares                PU_CLERK   10-AUG-07                       
       120 Weiss                     ST_MAN     18-JUL-04                       
       121 Fripp                     ST_MAN     10-APR-05                       

     Emp # Employee                  Job        Hire Date                       
---------- ------------------------- ---------- ---------                       
       122 Kaufling                  ST_MAN     01-MAY-03                       
       123 Vollman                   ST_MAN     10-OCT-05                       
       124 Mourgos                   ST_MAN     16-NOV-07                       
       125 Nayer                     ST_CLERK   16-JUL-05                       
       126 Mikkilineni               ST_CLERK   28-SEP-06                       
       127 Landry                    ST_CLERK   14-JAN-07                       
       128 Markle                    ST_CLERK   08-MAR-08                       
       129 Bissot                    ST_CLERK   20-AUG-05                       
       130 Atkinson                  ST_CLERK   30-OCT-05                       
       131 Marlow                    ST_CLERK   16-FEB-05                       
       132 Olson                     ST_CLERK   10-APR-07                       

     Emp # Employee                  Job        Hire Date                       
---------- ------------------------- ---------- ---------                       
       133 Mallin                    ST_CLERK   14-JUN-04                       
       134 Rogers                    ST_CLERK   26-AUG-06                       
       135 Gee                       ST_CLERK   12-DEC-07                       
       136 Philtanker                ST_CLERK   06-FEB-08                       
       137 Ladwig                    ST_CLERK   14-JUL-03                       
       138 Stiles                    ST_CLERK   26-OCT-05                       
       139 Seo                       ST_CLERK   12-FEB-06                       
       140 Patel                     ST_CLERK   06-APR-06                       
       141 Rajs                      ST_CLERK   17-OCT-03                       
       142 Davies                    ST_CLERK   29-JAN-05                       
       143 Matos                     ST_CLERK   15-MAR-06                       

     Emp # Employee                  Job        Hire Date                       
---------- ------------------------- ---------- ---------                       
       144 Vargas                    ST_CLERK   09-JUL-06                       
       145 Russell                   SA_MAN     01-OCT-04                       
       146 Partners                  SA_MAN     05-JAN-05                       
       147 Errazuriz                 SA_MAN     10-MAR-05                       
       148 Cambrault                 SA_MAN     15-OCT-07                       
       149 Zlotkey                   SA_MAN     29-JAN-08                       
       150 Tucker                    SA_REP     30-JAN-05                       
       151 Bernstein                 SA_REP     24-MAR-05                       
       152 Hall                      SA_REP     20-AUG-05                       
       153 Olsen                     SA_REP     30-MAR-06                       
       154 Cambrault                 SA_REP     09-DEC-06                       

     Emp # Employee                  Job        Hire Date                       
---------- ------------------------- ---------- ---------                       
       155 Tuvault                   SA_REP     23-NOV-07                       
       156 King                      SA_REP     30-JAN-04                       
       157 Sully                     SA_REP     04-MAR-04                       
       158 McEwen                    SA_REP     01-AUG-04                       
       159 Smith                     SA_REP     10-MAR-05                       
       160 Doran                     SA_REP     15-DEC-05                       
       161 Sewall                    SA_REP     03-NOV-06                       
       162 Vishney                   SA_REP     11-NOV-05                       
       163 Greene                    SA_REP     19-MAR-07                       
       164 Marvins                   SA_REP     24-JAN-08                       
       165 Lee                       SA_REP     23-FEB-08                       

     Emp # Employee                  Job        Hire Date                       
---------- ------------------------- ---------- ---------                       
       166 Ande                      SA_REP     24-MAR-08                       
       167 Banda                     SA_REP     21-APR-08                       
       168 Ozer                      SA_REP     11-MAR-05                       
       169 Bloom                     SA_REP     23-MAR-06                       
       170 Fox                       SA_REP     24-JAN-06                       
       171 Smith                     SA_REP     23-FEB-07                       
       172 Bates                     SA_REP     24-MAR-07                       
       173 Kumar                     SA_REP     21-APR-08                       
       174 Abel                      SA_REP     11-MAY-04                       
       175 Hutton                    SA_REP     19-MAR-05                       
       176 Taylor                    SA_REP     24-MAR-06                       

     Emp # Employee                  Job        Hire Date                       
---------- ------------------------- ---------- ---------                       
       177 Livingston                SA_REP     23-APR-06                       
       178 Grant                     SA_REP     24-MAY-07                       
       179 Johnson                   SA_REP     04-JAN-08                       
       180 Taylor                    SH_CLERK   24-JAN-06                       
       181 Fleaur                    SH_CLERK   23-FEB-06                       
       182 Sullivan                  SH_CLERK   21-JUN-07                       
       183 Geoni                     SH_CLERK   03-FEB-08                       
       184 Sarchand                  SH_CLERK   27-JAN-04                       
       185 Bull                      SH_CLERK   20-FEB-05                       
       186 Dellinger                 SH_CLERK   24-JUN-06                       
       187 Cabrio                    SH_CLERK   07-FEB-07                       

     Emp # Employee                  Job        Hire Date                       
---------- ------------------------- ---------- ---------                       
       188 Chung                     SH_CLERK   14-JUN-05                       
       189 Dilly                     SH_CLERK   13-AUG-05                       
       190 Gates                     SH_CLERK   11-JUL-06                       
       191 Perkins                   SH_CLERK   19-DEC-07                       
       192 Bell                      SH_CLERK   04-FEB-04                       
       193 Everett                   SH_CLERK   03-MAR-05                       
       194 McCain                    SH_CLERK   01-JUL-06                       
       195 Jones                     SH_CLERK   17-MAR-07                       
       196 Walsh                     SH_CLERK   24-APR-06                       
       197 Feeney                    SH_CLERK   23-MAY-06                       
       198 OConnell                  SH_CLERK   21-JUN-07                       

     Emp # Employee                  Job        Hire Date                       
---------- ------------------------- ---------- ---------                       
       199 Grant                     SH_CLERK   13-JAN-08                       
       200 Whalen                    AD_ASST    17-SEP-03                       
       201 Hartstein                 MK_MAN     17-FEB-04                       
       202 Fay                       MK_REP     17-AUG-05                       
       203 Mavris                    HR_REP     07-JUN-02                       
       204 Baer                      PR_REP     07-JUN-02                       
       205 Higgins                   AC_MGR     07-JUN-02                       
       206 Gietz                     AC_ACCOUNT 07-JUN-02                       

107 rows selected.

SQL> select last_name||', '||job_id as "Employee and Title" from employees;

Employee and Title                                                              
-------------------------------------                                           
Abel, SA_REP                                                                    
Ande, SA_REP                                                                    
Atkinson, ST_CLERK                                                              
Austin, IT_PROG                                                                 
Baer, PR_REP                                                                    
Baida, PU_CLERK                                                                 
Banda, SA_REP                                                                   
Bates, SA_REP                                                                   
Bell, SH_CLERK                                                                  
Bernstein, SA_REP                                                               
Bissot, ST_CLERK                                                                

Employee and Title                                                              
-------------------------------------                                           
Bloom, SA_REP                                                                   
Bull, SH_CLERK                                                                  
Cabrio, SH_CLERK                                                                
Cambrault, SA_MAN                                                               
Cambrault, SA_REP                                                               
Chen, FI_ACCOUNT                                                                
Chung, SH_CLERK                                                                 
Colmenares, PU_CLERK                                                            
Davies, ST_CLERK                                                                
De Haan, AD_VP                                                                  
Dellinger, SH_CLERK                                                             

Employee and Title                                                              
-------------------------------------                                           
Dilly, SH_CLERK                                                                 
Doran, SA_REP                                                                   
Ernst, IT_PROG                                                                  
Errazuriz, SA_MAN                                                               
Everett, SH_CLERK                                                               
Faviet, FI_ACCOUNT                                                              
Fay, MK_REP                                                                     
Feeney, SH_CLERK                                                                
Fleaur, SH_CLERK                                                                
Fox, SA_REP                                                                     
Fripp, ST_MAN                                                                   

Employee and Title                                                              
-------------------------------------                                           
Gates, SH_CLERK                                                                 
Gee, ST_CLERK                                                                   
Geoni, SH_CLERK                                                                 
Gietz, AC_ACCOUNT                                                               
Grant, SH_CLERK                                                                 
Grant, SA_REP                                                                   
Greenberg, FI_MGR                                                               
Greene, SA_REP                                                                  
Hall, SA_REP                                                                    
Hartstein, MK_MAN                                                               
Higgins, AC_MGR                                                                 

Employee and Title                                                              
-------------------------------------                                           
Himuro, PU_CLERK                                                                
Hunold, IT_PROG                                                                 
Hutton, SA_REP                                                                  
Johnson, SA_REP                                                                 
Jones, SH_CLERK                                                                 
Kaufling, ST_MAN                                                                
Khoo, PU_CLERK                                                                  
King, SA_REP                                                                    
King, AD_PRES                                                                   
Kochhar, AD_VP                                                                  
Kumar, SA_REP                                                                   

Employee and Title                                                              
-------------------------------------                                           
Ladwig, ST_CLERK                                                                
Landry, ST_CLERK                                                                
Lee, SA_REP                                                                     
Livingston, SA_REP                                                              
Lorentz, IT_PROG                                                                
Mallin, ST_CLERK                                                                
Markle, ST_CLERK                                                                
Marlow, ST_CLERK                                                                
Marvins, SA_REP                                                                 
Matos, ST_CLERK                                                                 
Mavris, HR_REP                                                                  

Employee and Title                                                              
-------------------------------------                                           
McCain, SH_CLERK                                                                
McEwen, SA_REP                                                                  
Mikkilineni, ST_CLERK                                                           
Mourgos, ST_MAN                                                                 
Nayer, ST_CLERK                                                                 
OConnell, SH_CLERK                                                              
Olsen, SA_REP                                                                   
Olson, ST_CLERK                                                                 
Ozer, SA_REP                                                                    
Partners, SA_MAN                                                                
Pataballa, IT_PROG                                                              

Employee and Title                                                              
-------------------------------------                                           
Patel, ST_CLERK                                                                 
Perkins, SH_CLERK                                                               
Philtanker, ST_CLERK                                                            
Popp, FI_ACCOUNT                                                                
Rajs, ST_CLERK                                                                  
Raphaely, PU_MAN                                                                
Rogers, ST_CLERK                                                                
Russell, SA_MAN                                                                 
Sarchand, SH_CLERK                                                              
Sciarra, FI_ACCOUNT                                                             
Seo, ST_CLERK                                                                   

Employee and Title                                                              
-------------------------------------                                           
Sewall, SA_REP                                                                  
Smith, SA_REP                                                                   
Smith, SA_REP                                                                   
Stiles, ST_CLERK                                                                
Sullivan, SH_CLERK                                                              
Sully, SA_REP                                                                   
Taylor, SA_REP                                                                  
Taylor, SH_CLERK                                                                
Tobias, PU_CLERK                                                                
Tucker, SA_REP                                                                  
Tuvault, SA_REP                                                                 

Employee and Title                                                              
-------------------------------------                                           
Urman, FI_ACCOUNT                                                               
Vargas, ST_CLERK                                                                
Vishney, SA_REP                                                                 
Vollman, ST_MAN                                                                 
Walsh, SH_CLERK                                                                 
Weiss, ST_MAN                                                                   
Whalen, AD_ASST                                                                 
Zlotkey, SA_MAN                                                                 

107 rows selected.

SQL> desc employees;
 Name                                      Null?    Type
 ----------------------------------------- -------- ----------------------------
 EMPLOYEE_ID                               NOT NULL NUMBER(6)
 FIRST_NAME                                         VARCHAR2(20)
 LAST_NAME                                 NOT NULL VARCHAR2(25)
 EMAIL                                     NOT NULL VARCHAR2(25)
 PHONE_NUMBER                                       VARCHAR2(20)
 HIRE_DATE                                 NOT NULL DATE
 JOB_ID                                    NOT NULL VARCHAR2(10)
 SALARY                                             NUMBER(8,2)
 COMMISSION_PCT                                     NUMBER(2,2)
 MANAGER_ID                                         NUMBER(6)
 DEPARTMENT_ID                                      NUMBER(4)

SQL> select employee_id||','||first_name||','||last_name||','||email||','||phone_number||','||hire_date||','||job_id||','||salary||','||commission_pct||','||manager_id||','||department_id as "THE_OUTPUT" from employees;

THE_OUTPUT                                                                      
--------------------------------------------------------------------------------
100,Steven,King,SKING,515.123.4567,17-JUN-03,AD_PRES,24000,,,90                 
101,Neena,Kochhar,NKOCHHAR,515.123.4568,21-SEP-05,AD_VP,17000,,100,90           
102,Lex,De Haan,LDEHAAN,515.123.4569,13-JAN-01,AD_VP,17000,,100,90              
103,Alexander,Hunold,AHUNOLD,590.423.4567,03-JAN-06,IT_PROG,9000,,102,60        
104,Bruce,Ernst,BERNST,590.423.4568,21-MAY-07,IT_PROG,6000,,103,60              
105,David,Austin,DAUSTIN,590.423.4569,25-JUN-05,IT_PROG,4800,,103,60            
106,Valli,Pataballa,VPATABAL,590.423.4560,05-FEB-06,IT_PROG,4800,,103,60        
107,Diana,Lorentz,DLORENTZ,590.423.5567,07-FEB-07,IT_PROG,4200,,103,60          
108,Nancy,Greenberg,NGREENBE,515.124.4569,17-AUG-02,FI_MGR,12008,,101,100       
109,Daniel,Faviet,DFAVIET,515.124.4169,16-AUG-02,FI_ACCOUNT,9000,,108,100       
110,John,Chen,JCHEN,515.124.4269,28-SEP-05,FI_ACCOUNT,8200,,108,100             

THE_OUTPUT                                                                      
--------------------------------------------------------------------------------
111,Ismael,Sciarra,ISCIARRA,515.124.4369,30-SEP-05,FI_ACCOUNT,7700,,108,100     
112,Jose Manuel,Urman,JMURMAN,515.124.4469,07-MAR-06,FI_ACCOUNT,7800,,108,100   
113,Luis,Popp,LPOPP,515.124.4567,07-DEC-07,FI_ACCOUNT,6900,,108,100             
114,Den,Raphaely,DRAPHEAL,515.127.4561,07-DEC-02,PU_MAN,11000,,100,30           
115,Alexander,Khoo,AKHOO,515.127.4562,18-MAY-03,PU_CLERK,3100,,114,30           
116,Shelli,Baida,SBAIDA,515.127.4563,24-DEC-05,PU_CLERK,2900,,114,30            
117,Sigal,Tobias,STOBIAS,515.127.4564,24-JUL-05,PU_CLERK,2800,,114,30           
118,Guy,Himuro,GHIMURO,515.127.4565,15-NOV-06,PU_CLERK,2600,,114,30             
119,Karen,Colmenares,KCOLMENA,515.127.4566,10-AUG-07,PU_CLERK,2500,,114,30      
120,Matthew,Weiss,MWEISS,650.123.1234,18-JUL-04,ST_MAN,8000,,100,50             
121,Adam,Fripp,AFRIPP,650.123.2234,10-APR-05,ST_MAN,8200,,100,50                

THE_OUTPUT                                                                      
--------------------------------------------------------------------------------
122,Payam,Kaufling,PKAUFLIN,650.123.3234,01-MAY-03,ST_MAN,7900,,100,50          
123,Shanta,Vollman,SVOLLMAN,650.123.4234,10-OCT-05,ST_MAN,6500,,100,50          
124,Kevin,Mourgos,KMOURGOS,650.123.5234,16-NOV-07,ST_MAN,5800,,100,50           
125,Julia,Nayer,JNAYER,650.124.1214,16-JUL-05,ST_CLERK,3200,,120,50             
126,Irene,Mikkilineni,IMIKKILI,650.124.1224,28-SEP-06,ST_CLERK,2700,,120,50     
127,James,Landry,JLANDRY,650.124.1334,14-JAN-07,ST_CLERK,2400,,120,50           
128,Steven,Markle,SMARKLE,650.124.1434,08-MAR-08,ST_CLERK,2200,,120,50          
129,Laura,Bissot,LBISSOT,650.124.5234,20-AUG-05,ST_CLERK,3300,,121,50           
130,Mozhe,Atkinson,MATKINSO,650.124.6234,30-OCT-05,ST_CLERK,2800,,121,50        
131,James,Marlow,JAMRLOW,650.124.7234,16-FEB-05,ST_CLERK,2500,,121,50           
132,TJ,Olson,TJOLSON,650.124.8234,10-APR-07,ST_CLERK,2100,,121,50               

THE_OUTPUT                                                                      
--------------------------------------------------------------------------------
133,Jason,Mallin,JMALLIN,650.127.1934,14-JUN-04,ST_CLERK,3300,,122,50           
134,Michael,Rogers,MROGERS,650.127.1834,26-AUG-06,ST_CLERK,2900,,122,50         
135,Ki,Gee,KGEE,650.127.1734,12-DEC-07,ST_CLERK,2400,,122,50                    
136,Hazel,Philtanker,HPHILTAN,650.127.1634,06-FEB-08,ST_CLERK,2200,,122,50      
137,Renske,Ladwig,RLADWIG,650.121.1234,14-JUL-03,ST_CLERK,3600,,123,50          
138,Stephen,Stiles,SSTILES,650.121.2034,26-OCT-05,ST_CLERK,3200,,123,50         
139,John,Seo,JSEO,650.121.2019,12-FEB-06,ST_CLERK,2700,,123,50                  
140,Joshua,Patel,JPATEL,650.121.1834,06-APR-06,ST_CLERK,2500,,123,50            
141,Trenna,Rajs,TRAJS,650.121.8009,17-OCT-03,ST_CLERK,3500,,124,50              
142,Curtis,Davies,CDAVIES,650.121.2994,29-JAN-05,ST_CLERK,3100,,124,50          
143,Randall,Matos,RMATOS,650.121.2874,15-MAR-06,ST_CLERK,2600,,124,50           

THE_OUTPUT                                                                      
--------------------------------------------------------------------------------
144,Peter,Vargas,PVARGAS,650.121.2004,09-JUL-06,ST_CLERK,2500,,124,50           
145,John,Russell,JRUSSEL,011.44.1344.429268,01-OCT-04,SA_MAN,14000,.4,100,80    
146,Karen,Partners,KPARTNER,011.44.1344.467268,05-JAN-05,SA_MAN,13500,.3,100,80 
147,Alberto,Errazuriz,AERRAZUR,011.44.1344.429278,10-MAR-05,SA_MAN,12000,.3,100,
80                                                                              
                                                                                
148,Gerald,Cambrault,GCAMBRAU,011.44.1344.619268,15-OCT-07,SA_MAN,11000,.3,100,8
0                                                                               
                                                                                
149,Eleni,Zlotkey,EZLOTKEY,011.44.1344.429018,29-JAN-08,SA_MAN,10500,.2,100,80  
150,Peter,Tucker,PTUCKER,011.44.1344.129268,30-JAN-05,SA_REP,10000,.3,145,80    

THE_OUTPUT                                                                      
--------------------------------------------------------------------------------
151,David,Bernstein,DBERNSTE,011.44.1344.345268,24-MAR-05,SA_REP,9500,.25,145,80
152,Peter,Hall,PHALL,011.44.1344.478968,20-AUG-05,SA_REP,9000,.25,145,80        
153,Christopher,Olsen,COLSEN,011.44.1344.498718,30-MAR-06,SA_REP,8000,.2,145,80 
154,Nanette,Cambrault,NCAMBRAU,011.44.1344.987668,09-DEC-06,SA_REP,7500,.2,145,8
0                                                                               
                                                                                
155,Oliver,Tuvault,OTUVAULT,011.44.1344.486508,23-NOV-07,SA_REP,7000,.15,145,80 
156,Janette,King,JKING,011.44.1345.429268,30-JAN-04,SA_REP,10000,.35,146,80     
157,Patrick,Sully,PSULLY,011.44.1345.929268,04-MAR-04,SA_REP,9500,.35,146,80    
158,Allan,McEwen,AMCEWEN,011.44.1345.829268,01-AUG-04,SA_REP,9000,.35,146,80    
159,Lindsey,Smith,LSMITH,011.44.1345.729268,10-MAR-05,SA_REP,8000,.3,146,80     

THE_OUTPUT                                                                      
--------------------------------------------------------------------------------
160,Louise,Doran,LDORAN,011.44.1345.629268,15-DEC-05,SA_REP,7500,.3,146,80      
161,Sarath,Sewall,SSEWALL,011.44.1345.529268,03-NOV-06,SA_REP,7000,.25,146,80   
162,Clara,Vishney,CVISHNEY,011.44.1346.129268,11-NOV-05,SA_REP,10500,.25,147,80 
163,Danielle,Greene,DGREENE,011.44.1346.229268,19-MAR-07,SA_REP,9500,.15,147,80 
164,Mattea,Marvins,MMARVINS,011.44.1346.329268,24-JAN-08,SA_REP,7200,.1,147,80  
165,David,Lee,DLEE,011.44.1346.529268,23-FEB-08,SA_REP,6800,.1,147,80           
166,Sundar,Ande,SANDE,011.44.1346.629268,24-MAR-08,SA_REP,6400,.1,147,80        
167,Amit,Banda,ABANDA,011.44.1346.729268,21-APR-08,SA_REP,6200,.1,147,80        
168,Lisa,Ozer,LOZER,011.44.1343.929268,11-MAR-05,SA_REP,11500,.25,148,80        
169,Harrison,Bloom,HBLOOM,011.44.1343.829268,23-MAR-06,SA_REP,10000,.2,148,80   
170,Tayler,Fox,TFOX,011.44.1343.729268,24-JAN-06,SA_REP,9600,.2,148,80          

THE_OUTPUT                                                                      
--------------------------------------------------------------------------------
171,William,Smith,WSMITH,011.44.1343.629268,23-FEB-07,SA_REP,7400,.15,148,80    
172,Elizabeth,Bates,EBATES,011.44.1343.529268,24-MAR-07,SA_REP,7300,.15,148,80  
173,Sundita,Kumar,SKUMAR,011.44.1343.329268,21-APR-08,SA_REP,6100,.1,148,80     
174,Ellen,Abel,EABEL,011.44.1644.429267,11-MAY-04,SA_REP,11000,.3,149,80        
175,Alyssa,Hutton,AHUTTON,011.44.1644.429266,19-MAR-05,SA_REP,8800,.25,149,80   
176,Jonathon,Taylor,JTAYLOR,011.44.1644.429265,24-MAR-06,SA_REP,8600,.2,149,80  
177,Jack,Livingston,JLIVINGS,011.44.1644.429264,23-APR-06,SA_REP,8400,.2,149,80 
178,Kimberely,Grant,KGRANT,011.44.1644.429263,24-MAY-07,SA_REP,7000,.15,149,    
179,Charles,Johnson,CJOHNSON,011.44.1644.429262,04-JAN-08,SA_REP,6200,.1,149,80 
180,Winston,Taylor,WTAYLOR,650.507.9876,24-JAN-06,SH_CLERK,3200,,120,50         
181,Jean,Fleaur,JFLEAUR,650.507.9877,23-FEB-06,SH_CLERK,3100,,120,50            

THE_OUTPUT                                                                      
--------------------------------------------------------------------------------
182,Martha,Sullivan,MSULLIVA,650.507.9878,21-JUN-07,SH_CLERK,2500,,120,50       
183,Girard,Geoni,GGEONI,650.507.9879,03-FEB-08,SH_CLERK,2800,,120,50            
184,Nandita,Sarchand,NSARCHAN,650.509.1876,27-JAN-04,SH_CLERK,4200,,121,50      
185,Alexis,Bull,ABULL,650.509.2876,20-FEB-05,SH_CLERK,4100,,121,50              
186,Julia,Dellinger,JDELLING,650.509.3876,24-JUN-06,SH_CLERK,3400,,121,50       
187,Anthony,Cabrio,ACABRIO,650.509.4876,07-FEB-07,SH_CLERK,3000,,121,50         
188,Kelly,Chung,KCHUNG,650.505.1876,14-JUN-05,SH_CLERK,3800,,122,50             
189,Jennifer,Dilly,JDILLY,650.505.2876,13-AUG-05,SH_CLERK,3600,,122,50          
190,Timothy,Gates,TGATES,650.505.3876,11-JUL-06,SH_CLERK,2900,,122,50           
191,Randall,Perkins,RPERKINS,650.505.4876,19-DEC-07,SH_CLERK,2500,,122,50       
192,Sarah,Bell,SBELL,650.501.1876,04-FEB-04,SH_CLERK,4000,,123,50               

THE_OUTPUT                                                                      
--------------------------------------------------------------------------------
193,Britney,Everett,BEVERETT,650.501.2876,03-MAR-05,SH_CLERK,3900,,123,50       
194,Samuel,McCain,SMCCAIN,650.501.3876,01-JUL-06,SH_CLERK,3200,,123,50          
195,Vance,Jones,VJONES,650.501.4876,17-MAR-07,SH_CLERK,2800,,123,50             
196,Alana,Walsh,AWALSH,650.507.9811,24-APR-06,SH_CLERK,3100,,124,50             
197,Kevin,Feeney,KFEENEY,650.507.9822,23-MAY-06,SH_CLERK,3000,,124,50           
198,Donald,OConnell,DOCONNEL,650.507.9833,21-JUN-07,SH_CLERK,2600,,124,50       
199,Douglas,Grant,DGRANT,650.507.9844,13-JAN-08,SH_CLERK,2600,,124,50           
200,Jennifer,Whalen,JWHALEN,515.123.4444,17-SEP-03,AD_ASST,4400,,101,10         
201,Michael,Hartstein,MHARTSTE,515.123.5555,17-FEB-04,MK_MAN,13000,,100,20      
202,Pat,Fay,PFAY,603.123.6666,17-AUG-05,MK_REP,6000,,201,20                     
203,Susan,Mavris,SMAVRIS,515.123.7777,07-JUN-02,HR_REP,6500,,101,40             

THE_OUTPUT                                                                      
--------------------------------------------------------------------------------
204,Hermann,Baer,HBAER,515.123.8888,07-JUN-02,PR_REP,10000,,101,70              
205,Shelley,Higgins,SHIGGINS,515.123.8080,07-JUN-02,AC_MGR,12008,,101,110       
206,William,Gietz,WGIETZ,515.123.8181,07-JUN-02,AC_ACCOUNT,8300,,205,110        

107 rows selected.

SQL> spool off;
